../Core/App/Chip/NODE_MONITOR_NUCLEOF446RE.c:90:6:Chip_Init	8	static
../Core/App/Chip/NODE_MONITOR_NUCLEOF446RE.c:122:6:HAL_UART_RxCpltCallback	16	static
../Core/App/Chip/NODE_MONITOR_NUCLEOF446RE.c:170:9:Get_Application_State	4	static
../Core/App/Chip/NODE_MONITOR_NUCLEOF446RE.c:175:9:Skyla1_DataReady	4	static
../Core/App/Chip/NODE_MONITOR_NUCLEOF446RE.c:180:9:Skyla2_DataReady	4	static
../Core/App/Chip/NODE_MONITOR_NUCLEOF446RE.c:185:9:Skyla1_GetData	16	static
../Core/App/Chip/NODE_MONITOR_NUCLEOF446RE.c:191:9:Skyla2_GetData	16	static
../Core/App/Chip/NODE_MONITOR_NUCLEOF446RE.c:197:9:Skyla1_Find_Word	288	static
../Core/App/Chip/NODE_MONITOR_NUCLEOF446RE.c:215:9:Skyla2_Find_Word	288	static
../Core/App/Chip/NODE_MONITOR_NUCLEOF446RE.c:233:11:Skyla1_GetInfo	16	static
../Core/App/Chip/NODE_MONITOR_NUCLEOF446RE.c:262:11:Skyla2_GetInfo	16	static
../Core/App/Chip/NODE_MONITOR_NUCLEOF446RE.c:301:6:PrettySend_Skyla_Info_toPi	32	static
../Core/App/Chip/NODE_MONITOR_NUCLEOF446RE.c:329:6:Skyla1_Molly_App	528	static
../Core/App/Chip/NODE_MONITOR_NUCLEOF446RE.c:448:6:Skyla2_Molly_App	528	static
../Core/App/Chip/NODE_MONITOR_NUCLEOF446RE.c:567:6:Skyla1_Check_Flag	16	static
../Core/App/Chip/NODE_MONITOR_NUCLEOF446RE.c:587:6:Creed1_Check_Flag	16	static
../Core/App/Chip/NODE_MONITOR_NUCLEOF446RE.c:607:6:Skyla2_Check_Flag	16	static
../Core/App/Chip/NODE_MONITOR_NUCLEOF446RE.c:627:6:Creed2_Check_Flag	16	static
../Core/App/Chip/NODE_MONITOR_NUCLEOF446RE.c:654:6:Chip_Update	4	static
../Core/App/Chip/NODE_MONITOR_NUCLEOF446RE.c:667:6:SystemClock_Config	88	static
../Core/App/Chip/NODE_MONITOR_NUCLEOF446RE.c:718:6:Error_Handler	4	static,ignoring_inline_asm
