../Core/App/Chip/NODE_MONITOR_NUCLEOF446RE.c:89:6:Chip_Init	8	static
../Core/App/Chip/NODE_MONITOR_NUCLEOF446RE.c:121:6:HAL_UART_RxCpltCallback	16	static
../Core/App/Chip/NODE_MONITOR_NUCLEOF446RE.c:167:9:Get_Application_State	4	static
../Core/App/Chip/NODE_MONITOR_NUCLEOF446RE.c:172:9:Skyla1_DataReady	4	static
../Core/App/Chip/NODE_MONITOR_NUCLEOF446RE.c:177:9:Skyla1_GetData	16	static
../Core/App/Chip/NODE_MONITOR_NUCLEOF446RE.c:183:9:Skyla1_Find_Word	288	static
../Core/App/Chip/NODE_MONITOR_NUCLEOF446RE.c:201:11:Skyla1_GetInfo	16	static
../Core/App/Chip/NODE_MONITOR_NUCLEOF446RE.c:240:6:PrettySend_Skyla_Info_toPi	32	static
../Core/App/Chip/NODE_MONITOR_NUCLEOF446RE.c:268:6:Skyla1_Molly_App	528	static
../Core/App/Chip/NODE_MONITOR_NUCLEOF446RE.c:443:6:Skyla1_Check_Flag	16	static
../Core/App/Chip/NODE_MONITOR_NUCLEOF446RE.c:463:6:Creed1_Check_Flag	16	static
../Core/App/Chip/NODE_MONITOR_NUCLEOF446RE.c:483:6:Skyla2_Check_Flag	16	static
../Core/App/Chip/NODE_MONITOR_NUCLEOF446RE.c:503:6:Creed2_Check_Flag	16	static
../Core/App/Chip/NODE_MONITOR_NUCLEOF446RE.c:530:6:Chip_Update	4	static
../Core/App/Chip/NODE_MONITOR_NUCLEOF446RE.c:543:6:SystemClock_Config	88	static
../Core/App/Chip/NODE_MONITOR_NUCLEOF446RE.c:594:6:Error_Handler	4	static,ignoring_inline_asm
