../Core/App/Chip/TOASTER_NUCLEOF446RE.c:111:6:Chip_Init	8	static
../Core/App/Chip/TOASTER_NUCLEOF446RE.c:143:6:HAL_UART_RxCpltCallback	16	static
../Core/App/Chip/TOASTER_NUCLEOF446RE.c:216:9:Get_Application_State	4	static
../Core/App/Chip/TOASTER_NUCLEOF446RE.c:221:9:Dev1_DataReady	4	static
../Core/App/Chip/TOASTER_NUCLEOF446RE.c:226:9:Dev2_DataReady	4	static
../Core/App/Chip/TOASTER_NUCLEOF446RE.c:231:9:Dev1_GetData	16	static
../Core/App/Chip/TOASTER_NUCLEOF446RE.c:237:9:Dev2_GetData	16	static
../Core/App/Chip/TOASTER_NUCLEOF446RE.c:243:9:Dev1_Find_Word	288	static
../Core/App/Chip/TOASTER_NUCLEOF446RE.c:261:9:Dev2_Find_Word	288	static
../Core/App/Chip/TOASTER_NUCLEOF446RE.c:279:11:Dev1_GetInfo	16	static
../Core/App/Chip/TOASTER_NUCLEOF446RE.c:308:11:Dev2_GetInfo	16	static
../Core/App/Chip/TOASTER_NUCLEOF446RE.c:347:6:PrettySend_Skyla_Info_toPi	32	static
../Core/App/Chip/TOASTER_NUCLEOF446RE.c:375:6:Power_Cycle_Dev	24	static
../Core/App/Chip/TOASTER_NUCLEOF446RE.c:388:6:Dev_Restarted	24	static
../Core/App/Chip/TOASTER_NUCLEOF446RE.c:408:6:Dev1_Molly_App	528	static
../Core/App/Chip/TOASTER_NUCLEOF446RE.c:535:6:Dev2_Molly_App	528	static
../Core/App/Chip/TOASTER_NUCLEOF446RE.c:671:6:Get_Pi_UART_Data_Last	24	static
../Core/App/Chip/TOASTER_NUCLEOF446RE.c:688:6:Reset_Programmer_Relay	8	static
../Core/App/Chip/TOASTER_NUCLEOF446RE.c:700:6:Dev1_Program_App	8	static
../Core/App/Chip/TOASTER_NUCLEOF446RE.c:729:6:Dev2_Program_App	8	static
../Core/App/Chip/TOASTER_NUCLEOF446RE.c:758:6:Dev3_Program_App	8	static
../Core/App/Chip/TOASTER_NUCLEOF446RE.c:787:6:Dev4_Program_App	8	static
../Core/App/Chip/TOASTER_NUCLEOF446RE.c:820:6:Set_Device_Power_App	16	static
../Core/App/Chip/TOASTER_NUCLEOF446RE.c:849:6:Power_Dev_OFF	16	static
../Core/App/Chip/TOASTER_NUCLEOF446RE.c:879:6:Power_Dev_ON	24	static
../Core/App/Chip/TOASTER_NUCLEOF446RE.c:930:6:Set_Sensor	64	static
../Core/App/Chip/TOASTER_NUCLEOF446RE.c:985:6:Sensor_Select_App	16	static
../Core/App/Chip/TOASTER_NUCLEOF446RE.c:997:6:Set_Charger_State	16	static
../Core/App/Chip/TOASTER_NUCLEOF446RE.c:1018:6:Set_Charger_App	16	static
../Core/App/Chip/TOASTER_NUCLEOF446RE.c:1032:6:Dev1_Check_Flag	16	static
../Core/App/Chip/TOASTER_NUCLEOF446RE.c:1052:6:Dev3_Check_Flag	16	static
../Core/App/Chip/TOASTER_NUCLEOF446RE.c:1072:6:Dev2_Check_Flag	16	static
../Core/App/Chip/TOASTER_NUCLEOF446RE.c:1092:6:Dev4_Check_Flag	16	static
../Core/App/Chip/TOASTER_NUCLEOF446RE.c:1118:6:Chip_Update	4	static
../Core/App/Chip/TOASTER_NUCLEOF446RE.c:1130:6:SystemClock_Config	88	static
../Core/App/Chip/TOASTER_NUCLEOF446RE.c:1181:6:Error_Handler	4	static,ignoring_inline_asm
