../Core/App/Chip/TOASTER_NUCLEOF446RE.c:111:6:Chip_Init	8	static
../Core/App/Chip/TOASTER_NUCLEOF446RE.c:143:6:HAL_UART_RxCpltCallback	16	static
../Core/App/Chip/TOASTER_NUCLEOF446RE.c:216:9:Get_Application_State	4	static
../Core/App/Chip/TOASTER_NUCLEOF446RE.c:221:9:Dev1_DataReady	4	static
../Core/App/Chip/TOASTER_NUCLEOF446RE.c:226:9:Dev2_DataReady	4	static
../Core/App/Chip/TOASTER_NUCLEOF446RE.c:231:9:Dev1_GetData	16	static
../Core/App/Chip/TOASTER_NUCLEOF446RE.c:237:9:Dev2_GetData	16	static
../Core/App/Chip/TOASTER_NUCLEOF446RE.c:243:9:Dev1_Find_Word	288	static
../Core/App/Chip/TOASTER_NUCLEOF446RE.c:261:9:Dev2_Find_Word	288	static
../Core/App/Chip/TOASTER_NUCLEOF446RE.c:279:11:Dev1_GetInfo	16	static
../Core/App/Chip/TOASTER_NUCLEOF446RE.c:308:11:Dev2_GetInfo	16	static
../Core/App/Chip/TOASTER_NUCLEOF446RE.c:347:6:PrettySend_Skyla_Info_toPi	32	static
../Core/App/Chip/TOASTER_NUCLEOF446RE.c:375:6:Power_Cycle_Dev	24	static
../Core/App/Chip/TOASTER_NUCLEOF446RE.c:397:6:Dev_Restarted	32	static
../Core/App/Chip/TOASTER_NUCLEOF446RE.c:431:6:Dev1_Molly_App	528	static
../Core/App/Chip/TOASTER_NUCLEOF446RE.c:562:6:Dev2_Molly_App	528	static
../Core/App/Chip/TOASTER_NUCLEOF446RE.c:699:6:Get_Pi_UART_Data_Last	24	static
../Core/App/Chip/TOASTER_NUCLEOF446RE.c:716:6:Reset_Programmer_Relay	8	static
../Core/App/Chip/TOASTER_NUCLEOF446RE.c:728:6:Dev1_Program_App	8	static
../Core/App/Chip/TOASTER_NUCLEOF446RE.c:758:6:Dev2_Program_App	8	static
../Core/App/Chip/TOASTER_NUCLEOF446RE.c:787:6:Dev3_Program_App	8	static
../Core/App/Chip/TOASTER_NUCLEOF446RE.c:816:6:Dev4_Program_App	8	static
../Core/App/Chip/TOASTER_NUCLEOF446RE.c:846:6:Set_Device_Power_App	16	static
../Core/App/Chip/TOASTER_NUCLEOF446RE.c:875:6:Power_Dev_OFF	16	static
../Core/App/Chip/TOASTER_NUCLEOF446RE.c:912:6:Power_Dev_ON	24	static
../Core/App/Chip/TOASTER_NUCLEOF446RE.c:956:6:Set_Sensor	64	static
../Core/App/Chip/TOASTER_NUCLEOF446RE.c:1013:6:Sensor_Select_App	16	static
../Core/App/Chip/TOASTER_NUCLEOF446RE.c:1025:6:Set_Charger_State	16	static
../Core/App/Chip/TOASTER_NUCLEOF446RE.c:1060:6:Set_Charger_App	16	static
../Core/App/Chip/TOASTER_NUCLEOF446RE.c:1074:6:Dev1_Check_Flag	16	static
../Core/App/Chip/TOASTER_NUCLEOF446RE.c:1094:6:Dev3_Check_Flag	16	static
../Core/App/Chip/TOASTER_NUCLEOF446RE.c:1114:6:Dev2_Check_Flag	16	static
../Core/App/Chip/TOASTER_NUCLEOF446RE.c:1134:6:Dev4_Check_Flag	16	static
../Core/App/Chip/TOASTER_NUCLEOF446RE.c:1160:6:Chip_Update	4	static
../Core/App/Chip/TOASTER_NUCLEOF446RE.c:1172:6:SystemClock_Config	88	static
../Core/App/Chip/TOASTER_NUCLEOF446RE.c:1223:6:Error_Handler	4	static,ignoring_inline_asm
