c:\st\stm32cubeide_1.9.0\stm32cubeide\plugins\com.st.stm32cube.ide.mcu.externaltools.gnu-tools-for-stm32.10.3-2021.10.win32_1.0.0.202111181127\tools\bin\../lib/gcc/arm-none-eabi/10.3.1/../../../../arm-none-eabi/include/c++/10.3.1/arm-none-eabi/thumb/v7e-m+fp/hard/bits/gthr-default.h:229:1:int __gthread_key_delete(__gthread_key_t)	16	static
../Core/App/Chip/TOASTER_NUCLEOF446RE.cpp:116:6:void Chip_Init()	8	static
../Core/App/Chip/TOASTER_NUCLEOF446RE.cpp:148:6:void HAL_UART_RxCpltCallback(UART_HandleTypeDef*)	16	static
../Core/App/Chip/TOASTER_NUCLEOF446RE.cpp:221:9:uint8_t Get_Application_State()	4	static
../Core/App/Chip/TOASTER_NUCLEOF446RE.cpp:226:9:uint8_t Dev1_DataReady()	4	static
../Core/App/Chip/TOASTER_NUCLEOF446RE.cpp:231:9:uint8_t Dev2_DataReady()	4	static
../Core/App/Chip/TOASTER_NUCLEOF446RE.cpp:236:9:uint8_t Dev1_GetData(uint16_t)	16	static
../Core/App/Chip/TOASTER_NUCLEOF446RE.cpp:242:9:uint8_t Dev2_GetData(uint16_t)	16	static
../Core/App/Chip/TOASTER_NUCLEOF446RE.cpp:248:9:uint8_t Dev1_Find_Word(char*)	288	static
../Core/App/Chip/TOASTER_NUCLEOF446RE.cpp:266:9:uint8_t Dev2_Find_Word(char*)	288	static
../Core/App/Chip/TOASTER_NUCLEOF446RE.cpp:284:11:uint8_t* Dev1_GetInfo()	16	static
../Core/App/Chip/TOASTER_NUCLEOF446RE.cpp:313:11:uint8_t* Dev2_GetInfo()	16	static
../Core/App/Chip/TOASTER_NUCLEOF446RE.cpp:352:6:void PrettySend_Skyla_Info_toPi(uint8_t*, uint8_t, uint8_t)	32	static
../Core/App/Chip/TOASTER_NUCLEOF446RE.cpp:380:6:void Power_Cycle_Dev(uint8_t)	24	static
../Core/App/Chip/TOASTER_NUCLEOF446RE.cpp:393:6:bool Dev_Restarted(uint16_t, uint16_t, uint8_t)	24	static
../Core/App/Chip/TOASTER_NUCLEOF446RE.cpp:413:6:void Dev1_Molly_App()	528	static
../Core/App/Chip/TOASTER_NUCLEOF446RE.cpp:540:6:void Dev2_Molly_App()	528	static
c:\st\stm32cubeide_1.9.0\stm32cubeide\plugins\com.st.stm32cube.ide.mcu.externaltools.gnu-tools-for-stm32.10.3-2021.10.win32_1.0.0.202111181127\tools\arm-none-eabi\include\c++\10.3.1\bits\stl_vector.h:128:14:std::_Vector_base<char, std::allocator<char> >::_Vector_impl::~_Vector_impl()	16	static
c:\st\stm32cubeide_1.9.0\stm32cubeide\plugins\com.st.stm32cube.ide.mcu.externaltools.gnu-tools-for-stm32.10.3-2021.10.win32_1.0.0.202111181127\tools\arm-none-eabi\include\c++\10.3.1\bits\stl_vector.h:288:7:std::_Vector_base<_Tp, _Alloc>::_Vector_base() [with _Tp = char; _Alloc = std::allocator<char>]	16	static
c:\st\stm32cubeide_1.9.0\stm32cubeide\plugins\com.st.stm32cube.ide.mcu.externaltools.gnu-tools-for-stm32.10.3-2021.10.win32_1.0.0.202111181127\tools\arm-none-eabi\include\c++\10.3.1\bits\stl_vector.h:487:7:std::vector<_Tp, _Alloc>::vector() [with _Tp = char; _Alloc = std::allocator<char>]	16	static
../Core/App/Chip/TOASTER_NUCLEOF446RE.cpp:685:14:std::vector<char> Get_Pi_UART_Data_Last(uint16_t)	32	static
../Core/App/Chip/TOASTER_NUCLEOF446RE.cpp:699:6:void Reset_Programmer_Relay()	8	static
../Core/App/Chip/TOASTER_NUCLEOF446RE.cpp:711:6:void Dev1_Program_App()	8	static
../Core/App/Chip/TOASTER_NUCLEOF446RE.cpp:740:6:void Dev2_Program_App()	8	static
../Core/App/Chip/TOASTER_NUCLEOF446RE.cpp:769:6:void Dev3_Program_App()	8	static
../Core/App/Chip/TOASTER_NUCLEOF446RE.cpp:798:6:void Dev4_Program_App()	8	static
../Core/App/Chip/TOASTER_NUCLEOF446RE.cpp:831:6:void Set_Device_Power_App()	24	static
../Core/App/Chip/TOASTER_NUCLEOF446RE.cpp:860:6:void Power_Dev_OFF(uint8_t)	16	static
../Core/App/Chip/TOASTER_NUCLEOF446RE.cpp:890:6:void Power_Dev_ON(uint8_t)	24	static
../Core/App/Chip/TOASTER_NUCLEOF446RE.cpp:939:6:void Set_Sensor(uint8_t, uint8_t)	184	static
../Core/App/Chip/TOASTER_NUCLEOF446RE.cpp:994:6:void Sensor_Select_App()	24	static
../Core/App/Chip/TOASTER_NUCLEOF446RE.cpp:1005:6:void Set_Charger_State(int, bool)	16	static
../Core/App/Chip/TOASTER_NUCLEOF446RE.cpp:1022:6:void Set_Charger_App()	24	static
../Core/App/Chip/TOASTER_NUCLEOF446RE.cpp:1034:6:void Dev1_Check_Flag()	16	static
../Core/App/Chip/TOASTER_NUCLEOF446RE.cpp:1054:6:void Dev3_Check_Flag()	16	static
../Core/App/Chip/TOASTER_NUCLEOF446RE.cpp:1074:6:void Dev2_Check_Flag()	16	static
../Core/App/Chip/TOASTER_NUCLEOF446RE.cpp:1094:6:void Dev4_Check_Flag()	16	static
../Core/App/Chip/TOASTER_NUCLEOF446RE.cpp:1120:6:void Chip_Update()	4	static
../Core/App/Chip/TOASTER_NUCLEOF446RE.cpp:1132:6:void SystemClock_Config()	88	static
../Core/App/Chip/TOASTER_NUCLEOF446RE.cpp:1183:6:void Error_Handler()	4	static,ignoring_inline_asm
c:\st\stm32cubeide_1.9.0\stm32cubeide\plugins\com.st.stm32cube.ide.mcu.externaltools.gnu-tools-for-stm32.10.3-2021.10.win32_1.0.0.202111181127\tools\arm-none-eabi\include\c++\10.3.1\bits\stl_vector.h:131:2:std::_Vector_base<_Tp, _Alloc>::_Vector_impl::_Vector_impl() [with _Tp = char; _Alloc = std::allocator<char>]	16	static
c:\st\stm32cubeide_1.9.0\stm32cubeide\plugins\com.st.stm32cube.ide.mcu.externaltools.gnu-tools-for-stm32.10.3-2021.10.win32_1.0.0.202111181127\tools\arm-none-eabi\include\c++\10.3.1\bits\stl_vector.h:333:7:std::_Vector_base<_Tp, _Alloc>::~_Vector_base() [with _Tp = char; _Alloc = std::allocator<char>]	16	static
c:\st\stm32cubeide_1.9.0\stm32cubeide\plugins\com.st.stm32cube.ide.mcu.externaltools.gnu-tools-for-stm32.10.3-2021.10.win32_1.0.0.202111181127\tools\arm-none-eabi\include\c++\10.3.1\bits\stl_vector.h:678:7:std::vector<_Tp, _Alloc>::~vector() [with _Tp = char; _Alloc = std::allocator<char>]	24	static
c:\st\stm32cubeide_1.9.0\stm32cubeide\plugins\com.st.stm32cube.ide.mcu.externaltools.gnu-tools-for-stm32.10.3-2021.10.win32_1.0.0.202111181127\tools\arm-none-eabi\include\c++\10.3.1\bits\stl_vector.h:1043:7:std::vector<_Tp, _Alloc>::reference std::vector<_Tp, _Alloc>::operator[](std::vector<_Tp, _Alloc>::size_type) [with _Tp = char; _Alloc = std::allocator<char>]	16	static
c:\st\stm32cubeide_1.9.0\stm32cubeide\plugins\com.st.stm32cube.ide.mcu.externaltools.gnu-tools-for-stm32.10.3-2021.10.win32_1.0.0.202111181127\tools\arm-none-eabi\include\c++\10.3.1\bits\stl_vector.h:97:2:std::_Vector_base<_Tp, _Alloc>::_Vector_impl_data::_Vector_impl_data() [with _Tp = char; _Alloc = std::allocator<char>]	16	static
c:\st\stm32cubeide_1.9.0\stm32cubeide\plugins\com.st.stm32cube.ide.mcu.externaltools.gnu-tools-for-stm32.10.3-2021.10.win32_1.0.0.202111181127\tools\arm-none-eabi\include\c++\10.3.1\bits\stl_vector.h:350:7:void std::_Vector_base<_Tp, _Alloc>::_M_deallocate(std::_Vector_base<_Tp, _Alloc>::pointer, std::size_t) [with _Tp = char; _Alloc = std::allocator<char>]	24	static
c:\st\stm32cubeide_1.9.0\stm32cubeide\plugins\com.st.stm32cube.ide.mcu.externaltools.gnu-tools-for-stm32.10.3-2021.10.win32_1.0.0.202111181127\tools\arm-none-eabi\include\c++\10.3.1\bits\stl_vector.h:276:7:std::_Vector_base<_Tp, _Alloc>::_Tp_alloc_type& std::_Vector_base<_Tp, _Alloc>::_M_get_Tp_allocator() [with _Tp = char; _Alloc = std::allocator<char>]	16	static
c:\st\stm32cubeide_1.9.0\stm32cubeide\plugins\com.st.stm32cube.ide.mcu.externaltools.gnu-tools-for-stm32.10.3-2021.10.win32_1.0.0.202111181127\tools\arm-none-eabi\include\c++\10.3.1\bits\alloc_traits.h:735:5:void std::_Destroy(_ForwardIterator, _ForwardIterator, std::allocator<_T2>&) [with _ForwardIterator = char*; _Tp = char]	24	static
c:\st\stm32cubeide_1.9.0\stm32cubeide\plugins\com.st.stm32cube.ide.mcu.externaltools.gnu-tools-for-stm32.10.3-2021.10.win32_1.0.0.202111181127\tools\arm-none-eabi\include\c++\10.3.1\bits\alloc_traits.h:491:7:static void std::allocator_traits<std::allocator<_Tp1> >::deallocate(std::allocator_traits<std::allocator<_Tp1> >::allocator_type&, std::allocator_traits<std::allocator<_Tp1> >::pointer, std::allocator_traits<std::allocator<_Tp1> >::size_type) [with _Tp = char]	24	static
c:\st\stm32cubeide_1.9.0\stm32cubeide\plugins\com.st.stm32cube.ide.mcu.externaltools.gnu-tools-for-stm32.10.3-2021.10.win32_1.0.0.202111181127\tools\arm-none-eabi\include\c++\10.3.1\bits\stl_construct.h:171:5:void std::_Destroy(_ForwardIterator, _ForwardIterator) [with _ForwardIterator = char*]	16	static
c:\st\stm32cubeide_1.9.0\stm32cubeide\plugins\com.st.stm32cube.ide.mcu.externaltools.gnu-tools-for-stm32.10.3-2021.10.win32_1.0.0.202111181127\tools\arm-none-eabi\include\c++\10.3.1\ext\new_allocator.h:126:7:void __gnu_cxx::new_allocator<_Tp>::deallocate(_Tp*, __gnu_cxx::new_allocator<_Tp>::size_type) [with _Tp = char]	24	static
c:\st\stm32cubeide_1.9.0\stm32cubeide\plugins\com.st.stm32cube.ide.mcu.externaltools.gnu-tools-for-stm32.10.3-2021.10.win32_1.0.0.202111181127\tools\arm-none-eabi\include\c++\10.3.1\bits\stl_construct.h:161:9:static void std::_Destroy_aux<true>::__destroy(_ForwardIterator, _ForwardIterator) [with _ForwardIterator = char*]	16	static
